
> webshop_react@0.1.0 test
> jest src/components/new_product/test/image_select_upload.test.js

node.exe : [baseline-browser-mapping] The data in this module is over two months old.  To ensure accurate Baseline data, please update: 
`npm i baseline-browser-mapping@latest -D`
In Zeile:1 Zeichen:1
+ & "C:\Program Files\nodejs/node.exe" "C:\Users\Astra\AppData\Roaming\ ...
+ ~~~~~~~~~~~~~~~~~~~~~~~~~~~~~~~~~~~~~~~~~~~~~~~~~~~~~~~~~~~~~~~~~~~~~
    + CategoryInfo          : NotSpecified: ([baseline-brows...ping@latest -D`:String) [], RemoteException
    + FullyQualifiedErrorId : NativeCommandError
 
  console.error
    An update to ImageSelectUpload inside a test was not wrapped in act(...).
    
    When testing, code that causes React state updates should be wrapped into act(...):
    
    act(() => {
      /* fire events that update state */
    });
    /* assert on the output */
    
    This ensures that you're testing the behavior the user would see in the browser. Learn more at https://react.dev/link/wrap-tests-with-act

      at node_modules/react-dom/cjs/react-dom-client.development.js:18758:19
      at runWithFiberInDEV (node_modules/react-dom/cjs/react-dom-client.development.js:874:13)
      at warnIfUpdatesNotWrappedWithActDEV (node_modules/react-dom/cjs/react-dom-client.development.js:18757:9)
      at scheduleUpdateOnFiber (node_modules/react-dom/cjs/react-dom-client.development.js:16409:11)
      at onDrop (node_modules/react-dom/cjs/react-dom-client.development.js:9117:13)
      at openFileDialog (node_modules/react-dropzone/src/index.js:711:9)
      at node_modules/react-dropzone/src/index.js:761:9

  console.error
    An update to ImageSelectUpload inside a test was not wrapped in act(...).
    
    When testing, code that causes React state updates should be wrapped into act(...):
    
    act(() => {
      /* fire events that update state */
    });
    /* assert on the output */
    
    This ensures that you're testing the behavior the user would see in the browser. Learn more at https://react.dev/link/wrap-tests-with-act

    [0m [90m 17 |[39m
     [90m 18 |[39m       [36mconst[39m newImages [33m=[39m [[33m...[39mselectedImages[33m,[39m [33m...[39macceptedFiles][33m.[39mslice([35m0[39m[33m,[39m maximages)[33m;[39m
    [31m[1m>[22m[39m[90m 19 |[39m       setSelectedImages(newImages)[33m;[39m
     [90m    |[39m       [31m[1m^[22m[39m
     [90m 20 |[39m       onImageChange(newImages)[33m;[39m
     [90m 21 |[39m     }[33m,[39m
     [90m 22 |[39m     [selectedImages[33m,[39m onImageChange[33m,[39m t][0m

      at node_modules/react-dom/cjs/react-dom-client.development.js:18758:19
      at runWithFiberInDEV (node_modules/react-dom/cjs/react-dom-client.development.js:874:13)
      at warnIfUpdatesNotWrappedWithActDEV (node_modules/react-dom/cjs/react-dom-client.development.js:18757:9)
      at scheduleUpdateOnFiber (node_modules/react-dom/cjs/react-dom-client.development.js:16409:11)
      at dispatchSetStateInternal (node_modules/react-dom/cjs/react-dom-client.development.js:9170:13)
      at setSelectedImages (node_modules/react-dom/cjs/react-dom-client.development.js:9127:7)
      at useCallback (src/components/new_product/image_select_upload.js:19:7)
      at openFileDialog (node_modules/react-dropzone/src/index.js:736:20)
      at node_modules/react-dropzone/src/index.js:761:9

  console.error
    An update to ImageSelectUpload inside a test was not wrapped in act(...).
    
    When testing, code that causes React state updates should be wrapped into act(...):
    
    act(() => {
      /* fire events that update state */
    });
    /* assert on the output */
    
    This ensures that you're testing the behavior the user would see in the browser. Learn more at https://react.dev/link/wrap-tests-with-act

      at node_modules/react-dom/cjs/react-dom-client.development.js:18758:19
      at runWithFiberInDEV (node_modules/react-dom/cjs/react-dom-client.development.js:874:13)
      at warnIfUpdatesNotWrappedWithActDEV (node_modules/react-dom/cjs/react-dom-client.development.js:18757:9)
      at scheduleUpdateOnFiber (node_modules/react-dom/cjs/react-dom-client.development.js:16409:11)
      at onDrop (node_modules/react-dom/cjs/react-dom-client.development.js:9117:13)
      at openFileDialog (node_modules/react-dropzone/src/index.js:711:9)
      at node_modules/react-dropzone/src/index.js:761:9

  console.error
    An update to ImageSelectUpload inside a test was not wrapped in act(...).
    
    When testing, code that causes React state updates should be wrapped into act(...):
    
    act(() => {
      /* fire events that update state */
    });
    /* assert on the output */
    
    This ensures that you're testing the behavior the user would see in the browser. Learn more at https://react.dev/link/wrap-tests-with-act

    [0m [90m 17 |[39m
     [90m 18 |[39m       [36mconst[39m newImages [33m=[39m [[33m...[39mselectedImages[33m,[39m [33m...[39macceptedFiles][33m.[39mslice([35m0[39m[33m,[39m maximages)[33m;[39m
    [31m[1m>[22m[39m[90m 19 |[39m       setSelectedImages(newImages)[33m;[39m
     [90m    |[39m       [31m[1m^[22m[39m
     [90m 20 |[39m       onImageChange(newImages)[33m;[39m
     [90m 21 |[39m     }[33m,[39m
     [90m 22 |[39m     [selectedImages[33m,[39m onImageChange[33m,[39m t][0m

      at node_modules/react-dom/cjs/react-dom-client.development.js:18758:19
      at runWithFiberInDEV (node_modules/react-dom/cjs/react-dom-client.development.js:874:13)
      at warnIfUpdatesNotWrappedWithActDEV (node_modules/react-dom/cjs/react-dom-client.development.js:18757:9)
      at scheduleUpdateOnFiber (node_modules/react-dom/cjs/react-dom-client.development.js:16409:11)
      at dispatchSetStateInternal (node_modules/react-dom/cjs/react-dom-client.development.js:9170:13)
      at setSelectedImages (node_modules/react-dom/cjs/react-dom-client.development.js:9127:7)
      at useCallback (src/components/new_product/image_select_upload.js:19:7)
      at openFileDialog (node_modules/react-dropzone/src/index.js:736:20)
      at node_modules/react-dropzone/src/index.js:761:9

  console.error
    An update to ImageSelectUpload inside a test was not wrapped in act(...).
    
    When testing, code that causes React state updates should be wrapped into act(...):
    
    act(() => {
      /* fire events that update state */
    });
    /* assert on the output */
    
    This ensures that you're testing the behavior the user would see in the browser. Learn more at https://react.dev/link/wrap-tests-with-act

      at node_modules/react-dom/cjs/react-dom-client.development.js:18758:19
      at runWithFiberInDEV (node_modules/react-dom/cjs/react-dom-client.development.js:874:13)
      at warnIfUpdatesNotWrappedWithActDEV (node_modules/react-dom/cjs/react-dom-client.development.js:18757:9)
      at scheduleUpdateOnFiber (node_modules/react-dom/cjs/react-dom-client.development.js:16409:11)
      at onDrop (node_modules/react-dom/cjs/react-dom-client.development.js:9117:13)
      at openFileDialog (node_modules/react-dropzone/src/index.js:711:9)
      at node_modules/react-dropzone/src/index.js:761:9

  console.error
    An update to ImageSelectUpload inside a test was not wrapped in act(...).
    
    When testing, code that causes React state updates should be wrapped into act(...):
    
    act(() => {
      /* fire events that update state */
    });
    /* assert on the output */
    
    This ensures that you're testing the behavior the user would see in the browser. Learn more at https://react.dev/link/wrap-tests-with-act

    [0m [90m 17 |[39m
     [90m 18 |[39m       [36mconst[39m newImages [33m=[39m [[33m...[39mselectedImages[33m,[39m [33m...[39macceptedFiles][33m.[39mslice([35m0[39m[33m,[39m maximages)[33m;[39m
    [31m[1m>[22m[39m[90m 19 |[39m       setSelectedImages(newImages)[33m;[39m
     [90m    |[39m       [31m[1m^[22m[39m
     [90m 20 |[39m       onImageChange(newImages)[33m;[39m
     [90m 21 |[39m     }[33m,[39m
     [90m 22 |[39m     [selectedImages[33m,[39m onImageChange[33m,[39m t][0m

      at node_modules/react-dom/cjs/react-dom-client.development.js:18758:19
      at runWithFiberInDEV (node_modules/react-dom/cjs/react-dom-client.development.js:874:13)
      at warnIfUpdatesNotWrappedWithActDEV (node_modules/react-dom/cjs/react-dom-client.development.js:18757:9)
      at scheduleUpdateOnFiber (node_modules/react-dom/cjs/react-dom-client.development.js:16409:11)
      at dispatchSetStateInternal (node_modules/react-dom/cjs/react-dom-client.development.js:9170:13)
      at setSelectedImages (node_modules/react-dom/cjs/react-dom-client.development.js:9127:7)
      at useCallback (src/components/new_product/image_select_upload.js:19:7)
      at openFileDialog (node_modules/react-dropzone/src/index.js:736:20)
      at node_modules/react-dropzone/src/index.js:761:9

FAIL src/components/new_product/test/image_select_upload.test.js
  ImageSelectUpload Component
    ÔêÜ renders dropzone instructions (38 ms)
    ├ù calls onImageChange when files are selected (9 ms)
    ÔêÜ displays previews for selected files (98 ms)
    ÔêÜ removes image when delete button is clicked (33 ms)
    ├ù shows alert when max images limit is exceeded (16 ms)

  ÔùÅ ImageSelectUpload Component ÔÇ║ calls onImageChange when files are selected

    TestingLibraryElementError: Unable to find an element by: [data-testid="dropzone-input"]

    Ignored nodes: comments, script, style
    [36m<body>[39m
      [36m<div>[39m
        [36m<div[39m
          [33mclass[39m=[32m"image-upload-container"[39m
        [36m>[39m
          [36m<div[39m
            [33mclass[39m=[32m"image-upload"[39m
          [36m>[39m
            [36m<div[39m
              [33mclass[39m=[32m"custom-dropzone"[39m
              [33mrole[39m=[32m"presentation"[39m
              [33mtabindex[39m=[32m"0"[39m
            [36m>[39m
              [36m<input[39m
                [33maccept[39m=[32m"image/*"[39m
                [33mmultiple[39m=[32m""[39m
                [33mstyle[39m=[32m"border: 0px; clip: rect(0px, 0px, 0px, 0px); clip-path: inset(50%); height: 1px; margin: 0px -1px 
-1px 0px; overflow: hidden; padding: 0px; position: absolute; width: 1px; white-space: nowrap;"[39m
                [33mtabindex[39m=[32m"-1"[39m
                [33mtype[39m=[32m"file"[39m
              [36m/>[39m
              [36m<p>[39m
                [0mchoose_files[0m
              [36m</p>[39m
            [36m</div>[39m
          [36m</div>[39m
          [36m<div[39m
            [33mclass[39m=[32m"image-preview "[39m
          [36m/>[39m
        [36m</div>[39m
      [36m</div>[39m
    [36m</body>[39m

    [0m [90m 31 |[39m
     [90m 32 |[39m         [36mconst[39m file [33m=[39m [36mnew[39m [33mFile[39m([[32m'hello'[39m][33m,[39m 
[32m'hello.png'[39m[33m,[39m { type[33m:[39m [32m'image/png'[39m })[33m;[39m
    [31m[1m>[22m[39m[90m 33 |[39m         [36mconst[39m input [33m=[39m 
screen[33m.[39mgetByTestId([32m'dropzone-input'[39m)[33m;[39m [90m// We need to add data-testid or select by input type[39m
     [90m    |[39m                              [31m[1m^[22m[39m
     [90m 34 |[39m
     [90m 35 |[39m         [90m// input is hidden in dropzone usually, so let's try to query it directly[39m
     [90m 36 |[39m         [36mconst[39m inputs [33m=[39m screen[33m.[39mgetAllByRole([32m'presentation'[39m)[33m;[39m 
[90m// Dropzone usually creates a presentation role, but let's look at the implementation[39m[0m

      at Object.getElementError (node_modules/@testing-library/dom/dist/config.js:37:19)
      at node_modules/@testing-library/dom/dist/query-helpers.js:76:38
      at node_modules/@testing-library/dom/dist/query-helpers.js:52:17
      at getByTestId (node_modules/@testing-library/dom/dist/query-helpers.js:95:19)
      at call (src/components/new_product/test/image_select_upload.test.js:33:30)
      at Generator._invoke (src/components/new_product/test/image_select_upload.test.js:2:1)
      at Generator.next (src/components/new_product/test/image_select_upload.test.js:2:1)
      at asyncGeneratorStep (src/components/new_product/test/image_select_upload.test.js:2:1)
      at _next (src/components/new_product/test/image_select_upload.test.js:2:1)
      at src/components/new_product/test/image_select_upload.test.js:2:1
      at Object.<anonymous> (src/components/new_product/test/image_select_upload.test.js:2:1)
      at TestScheduler.scheduleTests (node_modules/@jest/core/build/TestScheduler.js:333:13)
      at runJest (node_modules/@jest/core/build/runJest.js:404:19)
      at _run10000 (node_modules/@jest/core/build/cli/index.js:320:7)
      at runCLI (node_modules/@jest/core/build/cli/index.js:173:3)

  ÔùÅ ImageSelectUpload Component ÔÇ║ shows alert when max images limit is exceeded

    expect(jest.fn()).toHaveBeenCalledWith(...expected)

    Expected: "alter_max_images"

    Number of calls: 0

    [0m [90m 82 |[39m         [36mawait[39m userEvent[33m.[39mupload(fileInput[33m,[39m [file1[33m,[39m file2])[33m;[39m
     [90m 83 |[39m
    [31m[1m>[22m[39m[90m 84 |[39m         expect(alertMock)[33m.[39mtoHaveBeenCalledWith([32m'alter_max_images'[39m)[33m;[39m
     [90m    |[39m                           [31m[1m^[22m[39m
     [90m 85 |[39m         expect(mockOnImageChange)[33m.[39mnot[33m.[39mtoHaveBeenCalled()[33m;[39m [90m// Should not accept 
them[39m
     [90m 86 |[39m
     [90m 87 |[39m         alertMock[33m.[39mmockRestore()[33m;[39m[0m

      at call (src/components/new_product/test/image_select_upload.test.js:84:27)
      at Generator._invoke (src/components/new_product/test/image_select_upload.test.js:2:1)
      at Generator.next (src/components/new_product/test/image_select_upload.test.js:2:1)
      at asyncGeneratorStep (src/components/new_product/test/image_select_upload.test.js:2:1)
      at _next (src/components/new_product/test/image_select_upload.test.js:2:1)

Test Suites: 1 failed, 1 total
Tests:       2 failed, 3 passed, 5 total
Snapshots:   0 total
Time:        1.661 s
Ran all test suites matching /src\\components\\new_product\\test\\image_select_upload.test.js/i.
