
> webshop_react@0.1.0 test
> jest src/components/chat/chat_sidebar.test.js

node.exe : FAIL src/components/chat/chat_sidebar.test.js
In Zeile:1 Zeichen:1
+ & "C:\Program Files\nodejs/node.exe" "C:\Users\Astra\AppData\Roaming\ ...
+ ~~~~~~~~~~~~~~~~~~~~~~~~~~~~~~~~~~~~~~~~~~~~~~~~~~~~~~~~~~~~~~~~~~~~~
    + CategoryInfo          : NotSpecified: (FAIL src/compon...sidebar.test.js:String) [], RemoteException
    + FullyQualifiedErrorId : NativeCommandError
 
  ChatSidebar
    ÔêÜ renders correctly (41 ms)
    ├ù renders chat list (36 ms)
    ÔêÜ handles input changes (8 ms)
    ÔêÜ handles type change (48 ms)
    ÔêÜ calls startNewChatAndSendMessage on button click (8 ms)
    ÔêÜ handles pagination (5 ms)
    ÔêÜ highlights active chat (8 ms)
    ├ù handles chat selection (7 ms)

  ÔùÅ ChatSidebar ÔÇ║ renders chat list

    TestingLibraryElementError: Unable to find an element with the text: /Product:\s*Prod1/. This could be because the text is broken up by multiple elements. In this case, you can provide a function for your text matcher to make your matcher more flexible.

    Ignored nodes: comments, script, style
    [36m<body>[39m
      [36m<div>[39m
        [36m<div[39m
          [33mclass[39m=[32m"chat-sidebar "[39m
        [36m>[39m
          [36m<div[39m
            [33mclass[39m=[32m"new-chat"[39m
          [36m>[39m
            [36m<select>[39m
              [36m<option[39m
                [33mvalue[39m=[32m"product"[39m
              [36m>[39m
                [0mProduct[0m
              [36m</option>[39m
              [36m<option[39m
                [33mvalue[39m=[32m"order"[39m
              [36m>[39m
                [0mOrder[0m
              [36m</option>[39m
            [36m</select>[39m
            [36m<input[39m
              [33mplaceholder[39m=[32m"Product Name"[39m
              [33mtype[39m=[32m"text"[39m
              [33mvalue[39m=[32m""[39m
            [36m/>[39m
            [36m<button[39m
              [33mclass[39m=[32m"chatsidebar-button"[39m
            [36m>[39m
              [0mStart Chat with Admin[0m
            [36m</button>[39m
          [36m</div>[39m
          [36m<div[39m
            [33mclass[39m=[32m"conversation-list"[39m
          [36m>[39m
            [36m<div[39m
              [33mclass[39m=[32m"chat-card "[39m
            [36m>[39m
              [36m<div>[39m
                [36m<strong>[39m
                  [0mProduct[0m
                [36m</strong>[39m
                [0m: Prod1[0m
              [36m</div>[39m
              [36m<div>[39m
                [36m<strong>[39m
                  [0mLast message[0m
                  [0m:[0m
                [36m</strong>[39m
                [0m [0m
                [0mHello[0m
              [36m</div>[39m
              [36m<div[39m
                [33mclass[39m=[32m"chat-date"[39m
              [36m>[39m
                [0m23.11.2025, 20:53:56[0m
              [36m</div>[39m
            [36m</div>[39m
            [36m<div[39m
              [33mclass[39m=[32m"chat-card "[39m
            [36m>[39m
              [36m<div>[39m
                [36m<strong>[39m
                  [0mOrder[0m
                [36m</strong>[39m
                [0m: Ord1[0m
              [36m</div>[39m
              [36m<div>[39m
                [36m<strong>[39m
                  [0mLast message[0m
                  [0m:[0m
                [36m</strong>[39m
                [0m [0m
                [0mHi[0m
              [36m</div>[39m
              [36m<div[39m
                [33mclass[39m=[32m"chat-date"[39m
              [36m>[39m
                [0m23.11.2025, 20:53:56[0m
              [36m</div>[39m
            [36m</div>[39m
          [36m</div>[39m
          [36m<div[39m
            [33mclass[39m=[32m"pagination"[39m
          [36m/>[39m
        [36m</div>[39m
      [36m</div>[39m
    [36m</body>[39m

    [0m [90m 79 |[39m         ][33m;[39m
     [90m 80 |[39m         render([33m<[39m[33mChatSidebar[39m {[33m...[39mmockProps} chats[33m=[39m{chats} [33m/[39m[33m>[39m)[33m;[39m
    [31m[1m>[22m[39m[90m 81 |[39m         expect(screen[33m.[39mgetByText([35m/Product:\s*Prod1/[39m))[33m.[39mtoBeInTheDocument()[33m;[39m
     [90m    |[39m                       [31m[1m^[22m[39m
     [90m 82 |[39m         expect(screen[33m.[39mgetByText([35m/Order:\s*Ord1/[39m))[33m.[39mtoBeInTheDocument()[33m;[39m
     [90m 83 |[39m     })[33m;[39m
     [90m 84 |[39m[0m

      at Object.getElementError (node_modules/@testing-library/dom/dist/config.js:37:19)
      at node_modules/@testing-library/dom/dist/query-helpers.js:76:38
      at node_modules/@testing-library/dom/dist/query-helpers.js:52:17
      at getByText (node_modules/@testing-library/dom/dist/query-helpers.js:95:19)
      at Object.<anonymous> (src/components/chat/chat_sidebar.test.js:81:23)
      at TestScheduler.scheduleTests (node_modules/@jest/core/build/TestScheduler.js:333:13)
      at runJest (node_modules/@jest/core/build/runJest.js:404:19)
      at _run10000 (node_modules/@jest/core/build/cli/index.js:320:7)
      at runCLI (node_modules/@jest/core/build/cli/index.js:173:3)

  ÔùÅ ChatSidebar ÔÇ║ handles chat selection

    TestingLibraryElementError: Unable to find an element with the text: /Product:\s*Prod1/. This could be because the text is broken up by multiple elements. In this case, you can provide a function for your text matcher to make your matcher more flexible.

    Ignored nodes: comments, script, style
    [36m<body>[39m
      [36m<div>[39m
        [36m<div[39m
          [33mclass[39m=[32m"chat-sidebar "[39m
        [36m>[39m
          [36m<div[39m
            [33mclass[39m=[32m"new-chat"[39m
          [36m>[39m
            [36m<select>[39m
              [36m<option[39m
                [33mvalue[39m=[32m"product"[39m
              [36m>[39m
                [0mProduct[0m
              [36m</option>[39m
              [36m<option[39m
                [33mvalue[39m=[32m"order"[39m
              [36m>[39m
                [0mOrder[0m
              [36m</option>[39m
            [36m</select>[39m
            [36m<input[39m
              [33mplaceholder[39m=[32m"Product Name"[39m
              [33mtype[39m=[32m"text"[39m
              [33mvalue[39m=[32m""[39m
            [36m/>[39m
            [36m<button[39m
              [33mclass[39m=[32m"chatsidebar-button"[39m
            [36m>[39m
              [0mStart Chat with Admin[0m
            [36m</button>[39m
          [36m</div>[39m
          [36m<div[39m
            [33mclass[39m=[32m"conversation-list"[39m
          [36m>[39m
            [36m<div[39m
              [33mclass[39m=[32m"chat-card "[39m
            [36m>[39m
              [36m<div>[39m
                [36m<strong>[39m
                  [0mProduct[0m
                [36m</strong>[39m
                [0m: Prod1[0m
              [36m</div>[39m
              [36m<div>[39m
                [36m<strong>[39m
                  [0mLast message[0m
                  [0m:[0m
                [36m</strong>[39m
                [0m [0m
                [0mNo messages[0m
              [36m</div>[39m
              [36m<div[39m
                [33mclass[39m=[32m"chat-date"[39m
              [36m>[39m
                [0m23.11.2025, 20:53:56[0m
              [36m</div>[39m
            [36m</div>[39m
          [36m</div>[39m
          [36m<div[39m
            [33mclass[39m=[32m"pagination"[39m
          [36m/>[39m
        [36m</div>[39m
      [36m</div>[39m
    [36m</body>[39m

    [0m [90m 142 |[39m         ][33m;[39m
     [90m 143 |[39m         render([33m<[39m[33mChatSidebar[39m {[33m...[39mmockProps} chats[33m=[39m{chats} [33m/[39m[33m>[39m)[33m;[39m
    [31m[1m>[22m[39m[90m 144 |[39m         [36mconst[39m chatCard [33m=[39m screen[33m.[39mgetByText([35m/Product:\s*Prod1/[39m)[33m.[39mclosest([32m'.chat-card'[39m)[33m;[39m
     [90m     |[39m                                 [31m[1m^[22m[39m
     [90m 145 |[39m         fireEvent[33m.[39mclick(chatCard)[33m;[39m
     [90m 146 |[39m         expect(mockProps[33m.[39mhandleOpenChat)[33m.[39mtoHaveBeenCalledWith([32m'1'[39m)[33m;[39m
     [90m 147 |[39m     })[33m;[39m[0m

      at Object.getElementError (node_modules/@testing-library/dom/dist/config.js:37:19)
      at node_modules/@testing-library/dom/dist/query-helpers.js:76:38
      at node_modules/@testing-library/dom/dist/query-helpers.js:52:17
      at getByText (node_modules/@testing-library/dom/dist/query-helpers.js:95:19)
      at Object.<anonymous> (src/components/chat/chat_sidebar.test.js:144:33)
      at TestScheduler.scheduleTests (node_modules/@jest/core/build/TestScheduler.js:333:13)
      at runJest (node_modules/@jest/core/build/runJest.js:404:19)
      at _run10000 (node_modules/@jest/core/build/cli/index.js:320:7)
      at runCLI (node_modules/@jest/core/build/cli/index.js:173:3)

Test Suites: 1 failed, 1 total
Tests:       2 failed, 6 passed, 8 total
Snapshots:   0 total
Time:        1.693 s, estimated 2 s
Ran all test suites matching /src\\components\\chat\\chat_sidebar.test.js/i.
